<?xml version="1.0" encoding="UTF-8"?>
<project version="4">
  <component name="ProjectModuleManager">
    <modules>
      <module fileurl="file://$PROJECT_DIR$/.idea/modules/fbandroid_buck2_tests_good_sample_intellij_project_java_single_lib.iml" filepath="$PROJECT_DIR$/.idea/modules/fbandroid_buck2_tests_good_sample_intellij_project_java_single_lib.iml" />
      <module fileurl="file://$PROJECT_DIR$/.idea/modules/fbandroid_buck2_tests_good_sample_intellij_project_android_main.iml" filepath="$PROJECT_DIR$/.idea/modules/fbandroid_buck2_tests_good_sample_intellij_project_android_main.iml" />
      <module fileurl="file://$PROJECT_DIR$/.idea/modules/project_root.iml" filepath="$PROJECT_DIR$/.idea/modules/project_root.iml" />
    </modules>
  </component>
</project>
