# This file is @generated, regenerate by re-running test with `-- --env BUCK2_UPDATE_GOLDEN=1` appended to the test command

{
  "failures": {
    "root//:fail_build1": "Error running analysis for <IRRELEVANT>"
  },
  "results": {
    "root//:fail_build1": {
      "configured": {
        "<unspecified>": {
          "configured_graph_size": null,
          "errors": [
            {
              "action_error": null,
              "cause_index": 0,
              "message_content": "6400475771335786033"
            }
          ],
          "other_outputs": {},
          "outputs": {},
          "success": "FAIL"
        }
      },
      "configured_graph_size": null,
      "errors": [],
      "other_outputs": {},
      "outputs": {},
      "success": "FAIL"
    }
  },
  "strings": {
    "6400475771335786033": "Error running analysis for <IRRELEVANT>"
  },
  "success": false,
  "truncated": false
}