# This file is @generated, regenerate by re-running test with `-- --env BUCK2_UPDATE_GOLDEN=1` appended to the test command

Command failed: 
Error in configured node dependency, dependency chain follows (-> indicates depends on, ^ indicates same configuration as previous):
       root//:stub (root//:empty_platform#ac73710151d695f1)
    -> root//:toolchain (^)
    -> root//:toolchain (^)


Caused by:
    Target `root//:toolchain` was used not as a toolchain_dep, but is a toolchain rule
